C51 COMPILER V9.57.0.0   COMMON                                                            03/13/2020 20:02:04 PAGE 1   


C51 COMPILER V9.57.0.0, COMPILATION OF MODULE COMMON
OBJECT MODULE PLACED IN .\Objects\common.obj
COMPILER INVOKED BY: C:\Program\Keil_v5\C51\BIN\C51.EXE ..\..\Libraries\Common\common.c OMF2 OPTIMIZE(8,SPEED) BROWSE IN
                    -CDIR(..\..\Libraries\Common;..\..\Libraries\Libraries;..\CODE;..\USER) DEBUG PRINT(.\Listings\common.lst) OBJECT(.\Objec
                    -ts\common.obj)

line level    source

   1          /*********************************************************************************
   2           * @File:     common.c
   3           * @Author:   Mo
   4           * @Date         : 2020.02.21
   5           * @Describe: null 
   6          **********************************************************************************/     
   7          
   8          #include "common.h"


MODULE INFORMATION:   STATIC OVERLAYABLE
   CODE SIZE        =   ----    ----
   CONSTANT SIZE    =   ----    ----
   XDATA SIZE       =   ----    ----
   PDATA SIZE       =   ----    ----
   DATA SIZE        =   ----    ----
   IDATA SIZE       =   ----    ----
   BIT SIZE         =   ----    ----
   EDATA SIZE       =   ----    ----
   HDATA SIZE       =   ----    ----
   XDATA CONST SIZE =   ----    ----
   FAR CONST SIZE   =   ----    ----
END OF MODULE INFORMATION.


C51 COMPILATION COMPLETE.  0 WARNING(S),  0 ERROR(S)
