C51 COMPILER V9.57.0.0   SHOW                                                              02/23/2020 13:37:46 PAGE 1   


C51 COMPILER V9.57.0.0, COMPILATION OF MODULE SHOW
OBJECT MODULE PLACED IN .\Objects\show.obj
COMPILER INVOKED BY: C:\Program\Keil_v5\C51\BIN\C51.EXE ..\..\Libraries\Common\show.c OMF2 OPTIMIZE(8,SPEED) BROWSE INCD
                    -IR(..\..\Libraries\Common;..\..\Libraries\Libraries;..\CODE;..\USER) DEBUG PRINT(.\Listings\show.lst) OBJECT(.\Objects\s
                    -how.obj)

line level    source

   1          /*********************************************************************************
   2          /*      RS(CS)    接  P3.5;                                                                                                   */
   3          /*      RW(SID)   接  P3.6;                                                                                           */
   4          /*      E(SCLK)   接  P3.4;                                                                                               */
   5          /*      PSB       接  P3.7; 串行模式    
   6          **********************************************************************************/     
   7          #include "common.h"
   8          #include "delay.h"
   9          #include "model.h"
  10          #include "lcd12864.h"
  11          #include "show.h"
  12          
  13          extern uchar code IC_DAT[];
  14          extern uchar code IC_DAT2[];
  15          extern unsigned char code zk[];
  16          extern unsigned char code pic2[];
  17          extern unsigned char code BMP1[];
  18          extern unsigned char code BMP[];
  19          extern unsigned char code zk[];
  20          extern unsigned char code nBitmapDot[];
  21          
  22          void show_picture(void)
  23          {  unsigned char i; 
  24   1      //      du=0;
  25   1      //      we=0;
  26   1         while(1) 
  27   1         { 
  28   2          PSB=0;
  29   2       delay(300);
  30   2       PSB=1;        
  31   2           RW=0; 
  32   2                          //初始化LCD屏 
  33   2            CGRAM();                         
  34   2            ceshi();                      //显示测试字样 
  35   2           delay(2000); 
  36   2           
  37   2            clrgdram(); 
  38   2           clrscreen();                  //清屏 
  39   2           Disp_Img(BMP);               //调入一幅图画 
  40   2            delay(30000); 
  41   2      
  42   2           Disp_Img(BMP1);               //调入一幅图画 
  43   2            delay(20000); 
  44   2                         
  45   2           lcdfill(0xff);               //显示全开 
  46   2            delay(2000);             
  47   2           
  48   2           Disp_H_Line();                //显示横条 
  49   2             delay(2000); 
  50   2      
  51   2             lcdfill(0xaa);               //显示竖条 
  52   2            delay(2000); 
  53   2           
C51 COMPILER V9.57.0.0   SHOW                                                              02/23/2020 13:37:46 PAGE 2   

  54   2            Frame();                     //显示边框 
  55   2            delay(2000); 
  56   2             
  57   2           gushi_display();             //显示唐诗 
  58   2            clrgdram(); 
  59   2                 
  60   2           write_com(0x87);          //调用自定义的CGRAM的代码 
  61   2           write_data(0x00); 
  62   2           write_data(0x00); 
  63   2           delay(400); 
  64   2             
  65   2            shuxian();              //加入两条竖线 
  66   2            delay(8000); 
  67   2            write_com(0x30); 
  68   2             delay(2000); 
  69   2                   
  70   2            gushi_display(); 
  71   2            delay(6000); 
  72   2            for(i=0;i<8;i++)        //字符循环左移 
  73   2           {write_com(0x18);   
  74   3              delay(2000);} 
  75   2                 
  76   2             gushi_display(); 
  77   2            delay(6000);   
  78   2           write_com(0x36);         
  79   2            write_com(0x04);          //第一行反白显示 
  80   2            delay(6000); 
  81   2            write_com(0x04);          //第一行恢复正常 
  82   2            delay(6000); 
  83   2             write_com(0x05);          //第二行反白显示 
  84   2            delay(6000); 
  85   2            write_com(0x05);          //第二行恢复正常 
  86   2            delay(6000); 
  87   2                 
  88   2            write_com(0x03);         //垂直滚动屏幕的内容 
  89   2            write_com(0x60); 
  90   2            delay(6000);
  91   2        }
  92   1      }
  93          
  94          
  95          void show_picture_1(void)
  96          {
  97   1                  PSB=0;
  98   1               delay(300);
  99   1       PSB=1;        
 100   1           RW=0; 
 101   1                   gushi_display();             //调入一幅图画 
 102   1            delay(30000); 
 103   1      }
 104          


MODULE INFORMATION:   STATIC OVERLAYABLE
   CODE SIZE        =    294    ----
   CONSTANT SIZE    =   ----    ----
   XDATA SIZE       =   ----    ----
   PDATA SIZE       =   ----    ----
   DATA SIZE        =   ----       1
   IDATA SIZE       =   ----    ----
   BIT SIZE         =   ----    ----
   EDATA SIZE       =   ----    ----
C51 COMPILER V9.57.0.0   SHOW                                                              02/23/2020 13:37:46 PAGE 3   

   HDATA SIZE       =   ----    ----
   XDATA CONST SIZE =   ----    ----
   FAR CONST SIZE   =   ----    ----
END OF MODULE INFORMATION.


C51 COMPILATION COMPLETE.  0 WARNING(S),  0 ERROR(S)
