C51 COMPILER V9.57.0.0   MAIN                                                              02/27/2020 23:59:17 PAGE 1   


C51 COMPILER V9.57.0.0, COMPILATION OF MODULE MAIN
OBJECT MODULE PLACED IN .\Objects\Main.obj
COMPILER INVOKED BY: C:\Program\Keil_v5\C51\BIN\C51.EXE ..\USER\Main.c OMF2 OPTIMIZE(8,SPEED) BROWSE INCDIR(..\..\Librar
                    -ies\Common;..\..\Libraries\Libraries;..\CODE;..\USER) DEBUG PRINT(.\Listings\Main.lst) OBJECT(.\Objects\Main.obj)

line level    source

   1          /*********************************************************************************
   2           * @File:     Main.c
   3           * @Author:   Mo
   4           * @Date         : 2020.02.21
   5           * @Describe: Main function in it 
   6           * 
   7          **********************************************************************************/     
   8          
   9          #include "Main.h"
  10          
  11          extern u8 KeyValue;     //Using to do save the key value. 
  12          
  13          extern uchar code IC_DAT[];
  14          extern uchar code IC_DAT2[];
  15          extern unsigned char code zk[];
  16          extern unsigned char code pic2[];
  17          extern unsigned char code BMP1[];
  18          extern unsigned char code BMP[];
  19          extern unsigned char code zk[];
  20          
  21          sbit k1=P3^1;    //定义P31口是k1
  22          sbit led=P2^0;   //定义P20口是led
  23          
  24          /*******************************************************************************
  25          *@brief         Main function
  26          *@param         null
  27          *@return        0
  28          *@since         v1.0
  29          *@SampleUsage:  mian
  30          *******************************************************************************/
  31          u8 Disp[]=" Pechin Science ";
  32          
  33          uchar code table[] = {
  34          0x00,0x00,0x00,0x1F,0x00,0x00,0x00,0x00,//一
  35          0x00,0x00,0x0E,0x00,0x1F,0x00,0x00,0x00,//二
  36          0x00,0x1F,0x00,0x0E,0x00,0x1F,0x00,0x00,//三
  37          0x02,0x04,0x0F,0x12,0x0F,0x0A,0x1F,0x02,//年
  38          0x0F,0x09,0x0F,0x09,0x0F,0x09,0x09,0x11,//月
  39          0x1F,0x11,0x11,0x1F,0x11,0x11,0x1F,0x00,//日
  40          0x00,0x00,0x00,0x0A,0x15,0x0A,0x04,0x00,//心型
  41          0x00,0x04,0x15,0x0E,0x1F,0x0E,0x11,0x00//坦克
  42          };
  43          uchar code table1[] = { 0x00,0x01,0x02,0x03,0x04,0x05,0x06,0x07 };  //自定义字符数据地址
  44          uchar code table2[] = "QQ:598852247";
  45          
  46          
  47          
  48          void main(void)
  49          {
  50   1          u8 i;
  51   1              Sys_init_all(); //All initialization function
  52   1      //      Int0Init();  // Set external intertupt 0
  53   1      
  54   1          while (1)
C51 COMPILER V9.57.0.0   MAIN                                                              02/27/2020 23:59:17 PAGE 2   

  55   1          {
  56   2              LcdWriteCom(0x40);    //开始写入你要显示的自定义字符、汉字代码
  57   2              for (i = 0;i < 64;i++)
  58   2              {
  59   3                  LcdWriteData(table[i]);
  60   3                  delay(5);
  61   3              }
  62   2              LcdWriteCom(0x80);    //从第一行第一列开始显示
  63   2              for (i = 0;i < 8;i++)     //显示自定义字符
  64   2              {
  65   3                  LcdWriteData(table1[i]);
  66   3                  delay(5);
  67   3              }
  68   2              LcdWriteCom(0xc0);   //显示QQ：598852247
  69   2              for (i = 0;i < 12;i++)
  70   2              {
  71   3                  LcdWriteData(table2[i]);
  72   3                  delay(5);
  73   3              }
  74   2          }
  75   1      
  76   1      }
  77          


MODULE INFORMATION:   STATIC OVERLAYABLE
   CODE SIZE        =    107    ----
   CONSTANT SIZE    =     85    ----
   XDATA SIZE       =   ----    ----
   PDATA SIZE       =   ----    ----
   DATA SIZE        =     17       1
   IDATA SIZE       =   ----    ----
   BIT SIZE         =   ----    ----
   EDATA SIZE       =   ----    ----
   HDATA SIZE       =   ----    ----
   XDATA CONST SIZE =   ----    ----
   FAR CONST SIZE   =   ----    ----
END OF MODULE INFORMATION.


C51 COMPILATION COMPLETE.  0 WARNING(S),  0 ERROR(S)
