C51 COMPILER V9.57.0.0   DELAY                                                             02/21/2020 15:25:24 PAGE 1   


C51 COMPILER V9.57.0.0, COMPILATION OF MODULE DELAY
OBJECT MODULE PLACED IN .\Objects\delay.obj
COMPILER INVOKED BY: C:\Program\Keil_v5\C51\BIN\C51.EXE ..\..\Libraries\Common\delay.c OMF2 OPTIMIZE(8,SPEED) BROWSE INC
                    -DIR(..\..\Libraries\Common;..\..\Libraries\Libraries;..\CODE;..\USER) DEBUG PRINT(.\Listings\delay.lst) TABS(2) OBJECT(.
                    -\Objects\delay.obj)

line level    source

   1          /*********************************************************************************
   2          /*      RS(CS)    接  P3.5;                             */
   3          /*      RW(SID)   接  P3.6;                                 */
   4          /*      E(SCLK)   接  P3.4;                               */
   5          /*      PSB       接  P3.7; 串行模式  
   6          **********************************************************************************/   
   7          
   8          #include "common.h"
   9          #include "delay.h"
  10          
  11          /********************************************************************
  12          * 名称 : Main()
  13          * 功能 : 主函数
  14          * 输入 : 无
  15          * 输出 : 无
  16          ***********************************************************************/
  17          void delayms(unsigned int n)            //延时10×n毫秒程序
  18          {
  19   1        unsigned int i,j;
  20   1        for(i=0;i<n;i++)
  21   1        for(j=0;j<2000;j++);
  22   1      }
  23          
  24          /********************************************************************
  25          * 名称 : Main()
  26          * 功能 : 主函数
  27          * 输入 : 无
  28          * 输出 : 无
  29          ***********************************************************************/
  30          //void delay(unsigned int m)            //延时程序
  31          //{
  32          //  unsigned int i,j;
  33          //  for(i=0;i<m;i++)
  34          //     for(j=0;j<10;j++);
  35          //}
  36          
  37              /*******************************************************************************
  38          * 函 数 名         : delay
  39          * 函数功能       : 用于按键消抖 延时函数，i=1时，大约延时10us   一般是1000
  40          *******************************************************************************/
  41          void delay_key(u16 i)
  42          {
  43   1        while(i--); 
  44   1      }              


MODULE INFORMATION:   STATIC OVERLAYABLE
   CODE SIZE        =     43    ----
   CONSTANT SIZE    =   ----    ----
   XDATA SIZE       =   ----    ----
   PDATA SIZE       =   ----    ----
   DATA SIZE        =   ----    ----
   IDATA SIZE       =   ----    ----
C51 COMPILER V9.57.0.0   DELAY                                                             02/21/2020 15:25:24 PAGE 2   

   BIT SIZE         =   ----    ----
   EDATA SIZE       =   ----    ----
   HDATA SIZE       =   ----    ----
   XDATA CONST SIZE =   ----    ----
   FAR CONST SIZE   =   ----    ----
END OF MODULE INFORMATION.


C51 COMPILATION COMPLETE.  0 WARNING(S),  0 ERROR(S)
